// A - first type of map - simple 4X  |  B - second type of map - fixed map
// A: size padding_character no_star_character sectors_count groups_count core_0 sector_group_1 ...
// Example: A 9 , . 20 9 0 abc def gh ij klm nop qr st
// A: size padding_character no_star_character playerscount --- 'PlayerLetter'SystemLevel'SystemPotential'
// Example: B 9 , . 20 
// 20 * 6 + 12 = 132 systems
B 9 , . 20

,     ,     ,     ,     ,     ,     ,     ,     ,     .    P212   .     .     x1    x4    .     .     x3    x4

   ,     ,     ,     ,     ,     ,     ,     ,     .     .     .     .     x3   B423c  .     .     .    D423c  x2 

      ,     ,     ,     ,     ,     ,     ,     .     .     x2   P433c  x2    .     .     x4    x1    .     .     .

         ,     ,     ,     ,     ,     ,     x2    .     .     .     .     .     .     x1    .     .     .     .     .  

            ,     ,     ,     ,     ,    O434c  .     x2    .    P212   .     .     .     .     .    I313  J323  J422   .   

               ,     ,     ,     ,     .     .    O113   .     .     .     .     x3    .    I213  I313  I423c  .    J421   .   

                  ,     ,     ,     .    O113   x2    .     x3    .    P312   .     .     .    I212  H333   .     .    J421  J443c

                     ,     ,     .     x2    .     .     .     .     .    V443c  .     .    H222  H443c H332   .    F331   .    J423

                        ,     .     .     x1    .     .     .    T333c T221   .     .     .    G331  E448c F331  F443c  .     .     .  

                           .   N311  N332c  .     .     .     .    T222   .     .     .    G444c  .     .     .    F331   .     .    K444c

                              .   N314   .     .     .     .     .    R445c  .     .     .    G221   .     .     .    K222  K221   .     ,   

                                 .     .     .     .     .     .    S223  S222   .     .     .     .     .     .     .    K224  K222   ,     ,   

                                    .     x2    .     x2    .     .    S436c  .    S111  .      .    G331   .     .     .     .     ,     ,     ,   

                                       .     .     .     .     .     .     .     .     .     .     .     .     .    L443c L443   ,     ,     ,     ,   

                                          .     .     .     .     x3    .     .     x5    .    C414c  x4    .     .    L443   ,     ,     ,     ,     ,

                                             .     .     .     .     .     .     .     .     .     .     .     x1    .     ,     ,     ,     ,     ,     ,   

                                                x1    x3    .    A414c  .     .     .     .    M551  M553   .     x3    ,     ,     ,     ,     ,     ,     ,   

                                                   .     .     x3    x1    .     x3    .    M552  M554c M552   .     ,     ,     ,     ,     ,     ,     ,     ,

                                                      .     .     .     .     .     .     .    M551  M553   .     ,     ,     ,     ,     ,     ,     ,     ,     ,

// A-Z player
// 1-5 Pops ( 1 - (1+Size)/2 - 1*Size - 2*Size - Full )
// 0-5 Infrastructure ( 0 - 1 - (1+Size)/2 - 1*Size - 2*Size - Full )
// 1-8 Star Potential

// ||

// x
// 1-8 System Potential
