Resource - def
Building - def
Project Type - def
Planetary Project Type - def
Set Terrafoming Stance - def
Technology Type - def
Technology - def
Pact - def

Design Parts - def

Anomaly - def
Opportunity - def

GEN - Planet Exploration Pattern - def
GEN - System Pattern - def

Systems 
	Location SystemName_Loc
		X 0
		Y 0
		System SystemName --------------------------------------- System Info
			[] Planet PlanetName -------------------------------- Planey Info / Colony
				Link:Player:Colony Player_0:Terra
Players
	Player PlayerName
		Action_Civic -------------------------------------------- Civics / Factions - Action_Civic -> Civics List | Factions Support List
		Action_Species ------------------------------------------ Species - Action_Species -> Trait List
		Action_ShipDesign --------------------------------------- Ship Design
		Action_Research_1 --------------------------------------- Research x5 - Action_Research -> Technology List | Technology Type List
		Action_Research_2
		Action_Research_3
		Action_Research_4
		Action_Research_5
		Action_Diplomatic_1 ------------------------------------- Diplomacy x5 - Other Player Info - Action_Diplomatic
		Action_Diplomatic_2
		Action_Diplomatic_3
		Action_Diplomatic_4
		Action_Diplomatic_5
		Resources ----------------------------------------------- Resource Bar
		Status -------------------------------------------------- ?
		Civics -------------------------------------------------- Civics / Factions
		Colonies
			[] Colony ColonyName -------------------------------- Planey Info / Colony
				Action_Building --------------------------------- Planey Info / Colony - Action_Building -> Building List | Project List
				Action_Terraforming ----------------------------- Planey Info / Colony - Action_Terraforming -> Terraforming Target | Terraforming Stance
				Action_Shipyard --------------------------------- Shipyard - Action_Shipyard -> Ship Components
				Resources --------------------------------------- Planey Info / Colony - Resources Info
				Buildings --------------------------------------- Planey Info / Colony - Buildings Info
				Support ----------------------------------------- Planey Info / Colony - Support Info
				Link:Location:Planet Sol_Loc:Terra
		Fleets
			[] Fleet FleetName ---------------------------------- Fleet / Ships
				Action_Fleet ------------------------------------ Fleet / Ships - Action_Fleet
				Action_Explore ---------------------------------- Fleet / Ships - Action_Explore
				Action_Combat ----------------------------------- Fleet / Ships - Action_Combat
				Ships ------------------------------------------- Fleet / Ships
					[] Ship ShipName ---------------------------- Ship Info
				Link:Location:Planet Sol_Loc:Terra
Relations
	[] Relation ------------------------------------------------- Diplomacy Screen - Pact List
		Link_1:Player
		Link_2:Player




ships - 1100K
planets - 800k
country - player 500K
fleet - 450k
ship_design - 380k
POPS - 300k 
leaders - 80k
army - 60k
first_contacts - 50k
galactic_object - systems - 40k
species_db - 30k
spy_networks  - 30k
construction - 12k
deposit - 12k
starbasess  - 7k


species_db - 30k
spy_networks  - 30k
espionage_assets
half_species
nebulas 
POPS - 300k !!!
galactic_object - systems - 40k
starbasess  - 7k
planets - 800k !!!!
country - player 500K !!!

construction - 12k
federation
truce
trade_deal
leaders - 80k
system_initializer_counter
saved_leaders
ships - 1100K !!!!!!!
fleet - 450k !!!!
fleet_template - 8k
army - 60k
deposit - 12k
ground_combat
war - 1k
debris
open_player_event_selection_history
random_name_database
name_list
galaxy - saring game properies
saved_event_target
ship_design - 380k !!!!
pop_factions
megastructures
bypasses
natural_wormholes
trade_routes
sectors
buildings
resolution
archaeological_sites
espionage_operations
agreements

global_ship_design
clusters
rim_galactic_objects

used_species_names
used_species_portrait
trade_routes_manager
slave_market_manager
galactic_community
first_contacts - 50k

situations
council_positions
